../Core/Src/LCD_Driver.c:250:6:LCD_Clear.part.0	0	static
../Core/Src/LCD_Driver.c:33:6:LCD_GPIO_Init	64	static
../Core/Src/LCD_Driver.c:116:6:LTCD_Layer_Init	64	static,ignoring_inline_asm
../Core/Src/LCD_Driver.c:143:6:clearScreen	0	static
../Core/Src/LCD_Driver.c:148:6:LTCD__Init	16	static,ignoring_inline_asm
../Core/Src/LCD_Driver.c:207:6:LCD_Draw_Pixel	0	static
../Core/Src/LCD_Driver.c:217:6:LCD_Draw_Circle_Fill	32	static
../Core/Src/LCD_Driver.c:231:6:LCD_Draw_Square_Fill	28	static
../Core/Src/LCD_Driver.c:242:6:LCD_Draw_Vertical_Line	20	static
../Core/Src/LCD_Driver.c:250:6:LCD_Clear	0	static
../Core/Src/LCD_Driver.c:261:6:LCD_SetTextColor	0	static
../Core/Src/LCD_Driver.c:267:6:LCD_SetFont	0	static
../Core/Src/LCD_Driver.c:273:6:LCD_Draw_Char	36	static
../Core/Src/LCD_Driver.c:293:6:LCD_DisplayChar	4	static
../Core/Src/LCD_Driver.c:299:6:visualDemo	8	static
../Core/Src/LCD_Driver.c:349:6:LCD_Error_Handler	0	static,ignoring_inline_asm
../Core/Src/LCD_Driver.c:364:6:InitializeLCDTouch	8	static
../Core/Src/LCD_Driver.c:372:18:returnTouchStateAndLocation	0	static
../Core/Src/LCD_Driver.c:377:6:DetermineTouchPosition	0	static
../Core/Src/LCD_Driver.c:382:9:ReadRegisterFromTouchModule	0	static
../Core/Src/LCD_Driver.c:387:6:WriteDataToTouchModule	0	static
