../Core/Src/ApplicationCode.c:18:6:ApplicationInit	8	static
../Core/Src/ApplicationCode.c:45:6:initConnect4	8	static
../Core/Src/ApplicationCode.c:49:6:displayConnect4	8	static
../Core/Src/ApplicationCode.c:54:6:LCD_Touch_Polling_Demo	8	static
../Core/Src/ApplicationCode.c:71:6:LCD_Touch_Polling_Connect4	24	static
../Core/Src/ApplicationCode.c:107:6:HAL_TIM_PeriodElapsedCallback	16	static
../Core/Src/ApplicationCode.c:111:6:TIM2_IRQHandler	8	static
../Core/Src/ApplicationCode.c:117:6:runTests	440	static
