../Core/Src/gameDriver.c:12:10:getGameInfo	32	static
../Core/Src/gameDriver.c:16:6:connect4Init	16	static
../Core/Src/gameDriver.c:40:6:connect4InitFromGameInfo	12	static
../Core/Src/gameDriver.c:47:6:displayFromGameState	8	static
../Core/Src/gameDriver.c:67:6:connect4DisplayBoard	40	static
../Core/Src/gameDriver.c:132:6:connect4DisplayModeSelect	16	static
../Core/Src/gameDriver.c:163:6:connect4DisplayWinMessage	24	static
../Core/Src/gameDriver.c:213:6:connect4DisplayEndScreen	40	static
../Core/Src/gameDriver.c:281:6:processGameTouchInput	48	static
../Core/Src/gameDriver.c:361:6:processGameButtonInput	8	static
../Core/Src/gameDriver.c:392:6:checkForAndHandleWinner	16	static
../Core/Src/gameDriver.c:432:6:gameHasTie	16	static
../Core/Src/gameDriver.c:446:6:placePieceInCurrCol	16	static
../Core/Src/gameDriver.c:462:6:changePlayer	4	static
../Core/Src/gameDriver.c:478:6:AIPlayerStep	8	static
../Core/Src/gameDriver.c:497:9:getWinner	40	static
../Core/Src/gameDriver.c:557:6:incrementStoredTime	4	static
